
*** Running vivado
    with args -log top_one.vds -m64 -product Vivado -mode batch -messageDb vivado.pb -notrace -source top_one.tcl


****** Vivado v2017.1 (64-bit)
  **** SW Build 1846317 on Fri Apr 14 18:55:03 MDT 2017
  **** IP Build 1846188 on Fri Apr 14 20:52:08 MDT 2017
    ** Copyright 1986-2017 Xilinx, Inc. All Rights Reserved.

source top_one.tcl -notrace
Command: synth_design -top top_one -part xc7a200tfbg676-2
Starting synth_design
Attempting to get a license for feature 'Synthesis' and/or device 'xc7a200t-fbg676'
INFO: [Common 17-349] Got license for feature 'Synthesis' and/or device 'xc7a200t-fbg676'
INFO: Launching helper process for spawning children vivado processes
INFO: Helper process launched with PID 18800 
---------------------------------------------------------------------------------
Starting RTL Elaboration : Time (s): cpu = 00:00:02 ; elapsed = 00:00:02 . Memory (MB): peak = 312.227 ; gain = 80.887
---------------------------------------------------------------------------------
INFO: [Synth 8-638] synthesizing module 'top_one' [D:/verilog/bigassiginment/bigassiginment.srcs/sources_1/new/top_one.v:3]
INFO: [Synth 8-638] synthesizing module 'clk_divider' [D:/verilog/bigassiginment/bigassiginment.srcs/sources_1/new/clk_divider.v:24]
WARNING: [Synth 8-6014] Unused sequential element counter_reg was removed.  [D:/verilog/bigassiginment/bigassiginment.srcs/sources_1/new/clk_divider.v:32]
WARNING: [Synth 8-3848] Net clock_out in module/entity clk_divider does not have driver. [D:/verilog/bigassiginment/bigassiginment.srcs/sources_1/new/clk_divider.v:27]
INFO: [Synth 8-256] done synthesizing module 'clk_divider' (1#1) [D:/verilog/bigassiginment/bigassiginment.srcs/sources_1/new/clk_divider.v:24]
INFO: [Synth 8-638] synthesizing module 'counter_sec' [D:/verilog/bigassiginment/bigassiginment.srcs/sources_1/new/counter_sec.v:23]
WARNING: [Synth 8-5788] Register carry_sec1_reg in module counter_sec is has both Set and reset with same priority. This may cause simulation mismatches. Consider rewriting code  [D:/verilog/bigassiginment/bigassiginment.srcs/sources_1/new/counter_sec.v:57]
INFO: [Synth 8-256] done synthesizing module 'counter_sec' (2#1) [D:/verilog/bigassiginment/bigassiginment.srcs/sources_1/new/counter_sec.v:23]
WARNING: [Synth 8-350] instance 'go1' of module 'counter_sec' requires 9 connections, but only 8 given [D:/verilog/bigassiginment/bigassiginment.srcs/sources_1/new/top_one.v:43]
INFO: [Synth 8-638] synthesizing module 'counter_min' [D:/verilog/bigassiginment/bigassiginment.srcs/sources_1/new/counter_min.v:3]
INFO: [Synth 8-256] done synthesizing module 'counter_min' (3#1) [D:/verilog/bigassiginment/bigassiginment.srcs/sources_1/new/counter_min.v:3]
WARNING: [Synth 8-350] instance 'go2' of module 'counter_min' requires 9 connections, but only 8 given [D:/verilog/bigassiginment/bigassiginment.srcs/sources_1/new/top_one.v:55]
INFO: [Synth 8-638] synthesizing module 'counter_hour' [D:/verilog/bigassiginment/bigassiginment.srcs/sources_1/new/counter_hour.v:3]
INFO: [Synth 8-256] done synthesizing module 'counter_hour' (4#1) [D:/verilog/bigassiginment/bigassiginment.srcs/sources_1/new/counter_hour.v:3]
INFO: [Synth 8-256] done synthesizing module 'top_one' (5#1) [D:/verilog/bigassiginment/bigassiginment.srcs/sources_1/new/top_one.v:3]
WARNING: [Synth 8-3331] design counter_hour has unconnected port data_hour[5]
WARNING: [Synth 8-3331] design counter_hour has unconnected port data_hour[4]
WARNING: [Synth 8-3331] design counter_hour has unconnected port data_hour[3]
WARNING: [Synth 8-3331] design counter_hour has unconnected port data_hour[2]
WARNING: [Synth 8-3331] design counter_hour has unconnected port data_hour[1]
WARNING: [Synth 8-3331] design counter_hour has unconnected port data_hour[0]
WARNING: [Synth 8-3331] design counter_min has unconnected port data_min[5]
WARNING: [Synth 8-3331] design counter_min has unconnected port data_min[4]
WARNING: [Synth 8-3331] design counter_min has unconnected port data_min[3]
WARNING: [Synth 8-3331] design counter_min has unconnected port data_min[2]
WARNING: [Synth 8-3331] design counter_min has unconnected port data_min[1]
WARNING: [Synth 8-3331] design counter_min has unconnected port data_min[0]
WARNING: [Synth 8-3331] design counter_sec has unconnected port data_sec[5]
WARNING: [Synth 8-3331] design counter_sec has unconnected port data_sec[4]
WARNING: [Synth 8-3331] design counter_sec has unconnected port data_sec[3]
WARNING: [Synth 8-3331] design counter_sec has unconnected port data_sec[2]
WARNING: [Synth 8-3331] design counter_sec has unconnected port data_sec[1]
WARNING: [Synth 8-3331] design counter_sec has unconnected port data_sec[0]
WARNING: [Synth 8-3331] design clk_divider has unconnected port clock_out
WARNING: [Synth 8-3331] design clk_divider has unconnected port clock_in
WARNING: [Synth 8-3331] design clk_divider has unconnected port reset
---------------------------------------------------------------------------------
Finished RTL Elaboration : Time (s): cpu = 00:00:02 ; elapsed = 00:00:03 . Memory (MB): peak = 352.551 ; gain = 121.211
---------------------------------------------------------------------------------

Report Check Netlist: 
+------+------------------+-------+---------+-------+------------------+
|      |Item              |Errors |Warnings |Status |Description       |
+------+------------------+-------+---------+-------+------------------+
|1     |multi_driven_nets |      0|        0|Passed |Multi driven nets |
+------+------------------+-------+---------+-------+------------------+
WARNING: [Synth 8-3295] tying undriven pin go2:enable_min1 to constant 0 [D:/verilog/bigassiginment/bigassiginment.srcs/sources_1/new/top_one.v:55]
---------------------------------------------------------------------------------
Finished RTL Optimization Phase 1 : Time (s): cpu = 00:00:02 ; elapsed = 00:00:03 . Memory (MB): peak = 352.551 ; gain = 121.211
---------------------------------------------------------------------------------
INFO: [Device 21-403] Loading part xc7a200tfbg676-2
INFO: [Project 1-570] Preparing netlist for logic optimization

Processing XDC Constraints
Initializing timing engine
Parsing XDC File [D:/verilog/bigassiginment/bigassiginment.srcs/constrs_1/new/myconst.xdc]
Finished Parsing XDC File [D:/verilog/bigassiginment/bigassiginment.srcs/constrs_1/new/myconst.xdc]
INFO: [Project 1-236] Implementation specific constraints were found while reading constraint file [D:/verilog/bigassiginment/bigassiginment.srcs/constrs_1/new/myconst.xdc]. These constraints will be ignored for synthesis but will be used in implementation. Impacted constraints are listed in the file [.Xil/top_one_propImpl.xdc].
Resolution: To avoid this warning, move constraints listed in [.Xil/top_one_propImpl.xdc] to another XDC file and exclude this new file from synthesis with the used_in_synthesis property (File Properties dialog in GUI) and re-run elaboration/synthesis.
Completed Processing XDC Constraints

INFO: [Project 1-111] Unisim Transformation Summary:
No Unisim elements were transformed.

Constraint Validation Runtime : Time (s): cpu = 00:00:00 ; elapsed = 00:00:00.001 . Memory (MB): peak = 692.695 ; gain = 0.000
---------------------------------------------------------------------------------
Finished Constraint Validation : Time (s): cpu = 00:00:06 ; elapsed = 00:00:10 . Memory (MB): peak = 692.695 ; gain = 461.355
---------------------------------------------------------------------------------
---------------------------------------------------------------------------------
Start Loading Part and Timing Information
---------------------------------------------------------------------------------
Loading part: xc7a200tfbg676-2
---------------------------------------------------------------------------------
Finished Loading Part and Timing Information : Time (s): cpu = 00:00:06 ; elapsed = 00:00:10 . Memory (MB): peak = 692.695 ; gain = 461.355
---------------------------------------------------------------------------------
---------------------------------------------------------------------------------
Start Applying 'set_property' XDC Constraints
---------------------------------------------------------------------------------
---------------------------------------------------------------------------------
Finished applying 'set_property' XDC Constraints : Time (s): cpu = 00:00:06 ; elapsed = 00:00:10 . Memory (MB): peak = 692.695 ; gain = 461.355
---------------------------------------------------------------------------------
WARNING: [Synth 8-6014] Unused sequential element count_sec_reg was removed.  [D:/verilog/bigassiginment/bigassiginment.srcs/sources_1/new/counter_sec.v:38]
WARNING: [Synth 8-6014] Unused sequential element count_min_reg was removed.  [D:/verilog/bigassiginment/bigassiginment.srcs/sources_1/new/counter_min.v:17]
WARNING: [Synth 8-6014] Unused sequential element count_hour_reg was removed.  [D:/verilog/bigassiginment/bigassiginment.srcs/sources_1/new/counter_hour.v:16]
INFO: [Synth 8-5546] ROM "scan_clk" won't be mapped to RAM because it is too sparse
---------------------------------------------------------------------------------
Finished RTL Optimization Phase 2 : Time (s): cpu = 00:00:06 ; elapsed = 00:00:11 . Memory (MB): peak = 692.695 ; gain = 461.355
---------------------------------------------------------------------------------

Report RTL Partitions: 
+-+--------------+------------+----------+
| |RTL Partition |Replication |Instances |
+-+--------------+------------+----------+
+-+--------------+------------+----------+
---------------------------------------------------------------------------------
Start RTL Component Statistics 
---------------------------------------------------------------------------------
Detailed RTL Component Info : 
+---Adders : 
	   2 Input     16 Bit       Adders := 1     
	   2 Input      6 Bit       Adders := 6     
	   2 Input      3 Bit       Adders := 1     
+---Registers : 
	               16 Bit    Registers := 1     
	                6 Bit    Registers := 3     
	                3 Bit    Registers := 1     
	                1 Bit    Registers := 6     
+---Muxes : 
	   2 Input     16 Bit        Muxes := 1     
	   5 Input      6 Bit        Muxes := 1     
	   2 Input      6 Bit        Muxes := 8     
	   6 Input      1 Bit        Muxes := 1     
	   2 Input      1 Bit        Muxes := 12    
	   5 Input      1 Bit        Muxes := 1     
---------------------------------------------------------------------------------
Finished RTL Component Statistics 
---------------------------------------------------------------------------------
---------------------------------------------------------------------------------
Start RTL Hierarchical Component Statistics 
---------------------------------------------------------------------------------
Hierarchical RTL Component report 
Module top_one 
Detailed RTL Component Info : 
+---Adders : 
	   2 Input     16 Bit       Adders := 1     
	   2 Input      3 Bit       Adders := 1     
+---Registers : 
	               16 Bit    Registers := 1     
	                3 Bit    Registers := 1     
	                1 Bit    Registers := 2     
+---Muxes : 
	   2 Input     16 Bit        Muxes := 1     
	   2 Input      1 Bit        Muxes := 1     
Module counter_sec 
Detailed RTL Component Info : 
+---Adders : 
	   2 Input      6 Bit       Adders := 2     
+---Registers : 
	                6 Bit    Registers := 1     
	                1 Bit    Registers := 2     
+---Muxes : 
	   5 Input      6 Bit        Muxes := 1     
	   2 Input      6 Bit        Muxes := 1     
	   6 Input      1 Bit        Muxes := 1     
	   2 Input      1 Bit        Muxes := 3     
Module counter_min 
Detailed RTL Component Info : 
+---Adders : 
	   2 Input      6 Bit       Adders := 2     
+---Registers : 
	                6 Bit    Registers := 1     
	                1 Bit    Registers := 1     
+---Muxes : 
	   2 Input      6 Bit        Muxes := 3     
	   2 Input      1 Bit        Muxes := 6     
Module counter_hour 
Detailed RTL Component Info : 
+---Adders : 
	   2 Input      6 Bit       Adders := 2     
+---Registers : 
	                6 Bit    Registers := 1     
	                1 Bit    Registers := 1     
+---Muxes : 
	   2 Input      6 Bit        Muxes := 4     
	   5 Input      1 Bit        Muxes := 1     
	   2 Input      1 Bit        Muxes := 2     
---------------------------------------------------------------------------------
Finished RTL Hierarchical Component Statistics
---------------------------------------------------------------------------------
---------------------------------------------------------------------------------
Start Part Resource Summary
---------------------------------------------------------------------------------
Part Resources:
DSPs: 740 (col length:100)
BRAMs: 730 (col length: RAMB18 100 RAMB36 50)
---------------------------------------------------------------------------------
Finished Part Resource Summary
---------------------------------------------------------------------------------
---------------------------------------------------------------------------------
Start Cross Boundary and Area Optimization
---------------------------------------------------------------------------------
WARNING: [Synth 8-6014] Unused sequential element go1/carry_sec1_reg was removed.  [D:/verilog/bigassiginment/bigassiginment.srcs/sources_1/new/counter_sec.v:57]
INFO: [Synth 8-5546] ROM "scan_clk" won't be mapped to RAM because it is too sparse
WARNING: [Synth 8-6014] Unused sequential element go1/count_sec_reg was removed.  [D:/verilog/bigassiginment/bigassiginment.srcs/sources_1/new/counter_sec.v:38]
WARNING: [Synth 8-6014] Unused sequential element go2/count_min_reg was removed.  [D:/verilog/bigassiginment/bigassiginment.srcs/sources_1/new/counter_min.v:17]
WARNING: [Synth 8-6014] Unused sequential element go3/count_hour_reg was removed.  [D:/verilog/bigassiginment/bigassiginment.srcs/sources_1/new/counter_hour.v:16]
INFO: [Synth 8-3333] propagating constant 0 across sequential element (\go2/carry_min_reg )
WARNING: [Synth 8-3332] Sequential element (go1/count_sec_reg[5]) is unused and will be removed from module top_one.
WARNING: [Synth 8-3332] Sequential element (go1/count_sec_reg[4]) is unused and will be removed from module top_one.
WARNING: [Synth 8-3332] Sequential element (go1/count_sec_reg[3]) is unused and will be removed from module top_one.
WARNING: [Synth 8-3332] Sequential element (go1/count_sec_reg[2]) is unused and will be removed from module top_one.
WARNING: [Synth 8-3332] Sequential element (go1/count_sec_reg[1]) is unused and will be removed from module top_one.
WARNING: [Synth 8-3332] Sequential element (go1/count_sec_reg[0]) is unused and will be removed from module top_one.
WARNING: [Synth 8-3332] Sequential element (go1/carry_sec_reg) is unused and will be removed from module top_one.
WARNING: [Synth 8-3332] Sequential element (go2/count_min_reg[5]) is unused and will be removed from module top_one.
WARNING: [Synth 8-3332] Sequential element (go2/count_min_reg[4]) is unused and will be removed from module top_one.
WARNING: [Synth 8-3332] Sequential element (go2/count_min_reg[3]) is unused and will be removed from module top_one.
WARNING: [Synth 8-3332] Sequential element (go2/count_min_reg[2]) is unused and will be removed from module top_one.
WARNING: [Synth 8-3332] Sequential element (go2/count_min_reg[1]) is unused and will be removed from module top_one.
WARNING: [Synth 8-3332] Sequential element (go2/count_min_reg[0]) is unused and will be removed from module top_one.
WARNING: [Synth 8-3332] Sequential element (go2/carry_min_reg) is unused and will be removed from module top_one.
WARNING: [Synth 8-3332] Sequential element (load_reg) is unused and will be removed from module top_one.
WARNING: [Synth 8-3332] Sequential element (go3/count_hour_reg[5]) is unused and will be removed from module top_one.
WARNING: [Synth 8-3332] Sequential element (go3/count_hour_reg[4]) is unused and will be removed from module top_one.
WARNING: [Synth 8-3332] Sequential element (go3/count_hour_reg[3]) is unused and will be removed from module top_one.
WARNING: [Synth 8-3332] Sequential element (go3/count_hour_reg[2]) is unused and will be removed from module top_one.
WARNING: [Synth 8-3332] Sequential element (go3/count_hour_reg[1]) is unused and will be removed from module top_one.
WARNING: [Synth 8-3332] Sequential element (go3/count_hour_reg[0]) is unused and will be removed from module top_one.
WARNING: [Synth 8-3332] Sequential element (go3/carry_hour_reg) is unused and will be removed from module top_one.
---------------------------------------------------------------------------------
Finished Cross Boundary and Area Optimization : Time (s): cpu = 00:00:07 ; elapsed = 00:00:11 . Memory (MB): peak = 692.695 ; gain = 461.355
---------------------------------------------------------------------------------

Report RTL Partitions: 
+-+--------------+------------+----------+
| |RTL Partition |Replication |Instances |
+-+--------------+------------+----------+
+-+--------------+------------+----------+
---------------------------------------------------------------------------------
Start Applying XDC Timing Constraints
---------------------------------------------------------------------------------
---------------------------------------------------------------------------------
Finished Applying XDC Timing Constraints : Time (s): cpu = 00:00:11 ; elapsed = 00:00:19 . Memory (MB): peak = 692.695 ; gain = 461.355
---------------------------------------------------------------------------------
---------------------------------------------------------------------------------
Start Timing Optimization
---------------------------------------------------------------------------------
---------------------------------------------------------------------------------
Finished Timing Optimization : Time (s): cpu = 00:00:11 ; elapsed = 00:00:19 . Memory (MB): peak = 692.695 ; gain = 461.355
---------------------------------------------------------------------------------

Report RTL Partitions: 
+-+--------------+------------+----------+
| |RTL Partition |Replication |Instances |
+-+--------------+------------+----------+
+-+--------------+------------+----------+
---------------------------------------------------------------------------------
Start Technology Mapping
---------------------------------------------------------------------------------
---------------------------------------------------------------------------------
Finished Technology Mapping : Time (s): cpu = 00:00:11 ; elapsed = 00:00:19 . Memory (MB): peak = 692.695 ; gain = 461.355
---------------------------------------------------------------------------------

Report RTL Partitions: 
+-+--------------+------------+----------+
| |RTL Partition |Replication |Instances |
+-+--------------+------------+----------+
+-+--------------+------------+----------+
---------------------------------------------------------------------------------
Start IO Insertion
---------------------------------------------------------------------------------
---------------------------------------------------------------------------------
Start Flattening Before IO Insertion
---------------------------------------------------------------------------------
---------------------------------------------------------------------------------
Finished Flattening Before IO Insertion
---------------------------------------------------------------------------------
---------------------------------------------------------------------------------
Start Final Netlist Cleanup
---------------------------------------------------------------------------------
---------------------------------------------------------------------------------
Finished Final Netlist Cleanup
---------------------------------------------------------------------------------
---------------------------------------------------------------------------------
Finished IO Insertion : Time (s): cpu = 00:00:11 ; elapsed = 00:00:19 . Memory (MB): peak = 692.695 ; gain = 461.355
---------------------------------------------------------------------------------

Report Check Netlist: 
+------+------------------+-------+---------+-------+------------------+
|      |Item              |Errors |Warnings |Status |Description       |
+------+------------------+-------+---------+-------+------------------+
|1     |multi_driven_nets |      0|        0|Passed |Multi driven nets |
+------+------------------+-------+---------+-------+------------------+
---------------------------------------------------------------------------------
Start Renaming Generated Instances
---------------------------------------------------------------------------------
---------------------------------------------------------------------------------
Finished Renaming Generated Instances : Time (s): cpu = 00:00:11 ; elapsed = 00:00:19 . Memory (MB): peak = 692.695 ; gain = 461.355
---------------------------------------------------------------------------------

Report RTL Partitions: 
+-+--------------+------------+----------+
| |RTL Partition |Replication |Instances |
+-+--------------+------------+----------+
+-+--------------+------------+----------+
---------------------------------------------------------------------------------
Start Rebuilding User Hierarchy
---------------------------------------------------------------------------------
---------------------------------------------------------------------------------
Finished Rebuilding User Hierarchy : Time (s): cpu = 00:00:11 ; elapsed = 00:00:19 . Memory (MB): peak = 692.695 ; gain = 461.355
---------------------------------------------------------------------------------
---------------------------------------------------------------------------------
Start Renaming Generated Ports
---------------------------------------------------------------------------------
---------------------------------------------------------------------------------
Finished Renaming Generated Ports : Time (s): cpu = 00:00:11 ; elapsed = 00:00:19 . Memory (MB): peak = 692.695 ; gain = 461.355
---------------------------------------------------------------------------------
---------------------------------------------------------------------------------
Start Handling Custom Attributes
---------------------------------------------------------------------------------
---------------------------------------------------------------------------------
Finished Handling Custom Attributes : Time (s): cpu = 00:00:11 ; elapsed = 00:00:19 . Memory (MB): peak = 692.695 ; gain = 461.355
---------------------------------------------------------------------------------
---------------------------------------------------------------------------------
Start Renaming Generated Nets
---------------------------------------------------------------------------------
---------------------------------------------------------------------------------
Finished Renaming Generated Nets : Time (s): cpu = 00:00:11 ; elapsed = 00:00:19 . Memory (MB): peak = 692.695 ; gain = 461.355
---------------------------------------------------------------------------------
---------------------------------------------------------------------------------
Start Writing Synthesis Report
---------------------------------------------------------------------------------

Report BlackBoxes: 
+-+--------------+----------+
| |BlackBox name |Instances |
+-+--------------+----------+
+-+--------------+----------+

Report Cell Usage: 
+------+-------+------+
|      |Cell   |Count |
+------+-------+------+
|1     |BUFG   |     1|
|2     |CARRY4 |     4|
|3     |LUT1   |    17|
|4     |LUT2   |     2|
|5     |LUT3   |     8|
|6     |LUT4   |     3|
|7     |LUT6   |    17|
|8     |FDCE   |    20|
|9     |IBUF   |     2|
|10    |OBUF   |    33|
+------+-------+------+

Report Instance Areas: 
+------+---------+-------+------+
|      |Instance |Module |Cells |
+------+---------+-------+------+
|1     |top      |       |   107|
+------+---------+-------+------+
---------------------------------------------------------------------------------
Finished Writing Synthesis Report : Time (s): cpu = 00:00:11 ; elapsed = 00:00:19 . Memory (MB): peak = 692.695 ; gain = 461.355
---------------------------------------------------------------------------------
Synthesis finished with 0 errors, 0 critical warnings and 29 warnings.
Synthesis Optimization Runtime : Time (s): cpu = 00:00:06 ; elapsed = 00:00:14 . Memory (MB): peak = 692.695 ; gain = 121.211
Synthesis Optimization Complete : Time (s): cpu = 00:00:11 ; elapsed = 00:00:20 . Memory (MB): peak = 692.695 ; gain = 461.355
INFO: [Project 1-571] Translating synthesized netlist
INFO: [Netlist 29-17] Analyzing 6 Unisim elements for replacement
INFO: [Netlist 29-28] Unisim Transformation completed in 0 CPU seconds
INFO: [Project 1-570] Preparing netlist for logic optimization
INFO: [Opt 31-138] Pushed 0 inverter(s) to 0 load pin(s).
INFO: [Project 1-111] Unisim Transformation Summary:
No Unisim elements were transformed.

24 Infos, 56 Warnings, 0 Critical Warnings and 0 Errors encountered.
synth_design completed successfully
synth_design: Time (s): cpu = 00:00:12 ; elapsed = 00:00:22 . Memory (MB): peak = 692.695 ; gain = 469.168
INFO: [Common 17-1381] The checkpoint 'D:/verilog/bigassiginment/bigassiginment.runs/synth_1/top_one.dcp' has been generated.
report_utilization: Time (s): cpu = 00:00:00 ; elapsed = 00:00:00.016 . Memory (MB): peak = 692.695 ; gain = 0.000
INFO: [Common 17-206] Exiting Vivado at Fri Dec 27 17:46:37 2024...
