Unable to capture context for thread 2964 in process 14704, can not generate back trace
Unable to capture context for thread 20512 in process 14704, can not generate back trace
Unable to capture context for thread 17428 in process 14704, can not generate back trace
Unable to capture context for thread 9836 in process 14704, can not generate back trace
Unable to capture context for thread 14660 in process 14704, can not generate back trace
Unable to capture context for thread 11980 in process 14704, can not generate back trace
Unable to capture context for thread 21820 in process 14704, can not generate back trace
Exception at PC 0x00007FFEF3D6BB93
Printing stacktrace...

Exception at PC 0x00007FFF8E0FFB4C
Exception at PC 0x00007FFF8E0FFB4C
Unable to capture context for thread 9868 in process 14704, can not generate back trace
Unable to capture context for thread 19080 in process 14704, can not generate back trace
Exception at PC 0x00007FFF8E0FFB4C
Exception at PC 0x00007FFF8E0FFB4C
Exception at PC 0x00007FFF8E0FFB4C
Exception at PC 0x00007FFF8E0FFB4C
Exception at PC 0x00007FFF8E0FFB4C
Exception at PC 0x00007FFF8E0FFB4C
Exception at PC 0x00007FFF8E0FFB4C
[0]  [0x00007FFEF3D6BB93]
[1]  [0x00007FFEF3D6BB93]
[2]  [0x00007FFEF3D6B4A1]
[3]  [0x00007FFEF3D6B459]
[4]  [0x00007FFEF3D519FE]
[5]  [0x00007FFEF3D50ED1]
[6]  [0x00007FFEF3D50D76]
[7]  [0x00007FFEF3CF79F6]
[8]  [0x00007FFEF3CE7AFB]
[9]  [0x00007FFEF3E0E90A]
[10]  [0x00007FFEF3E29F87]
[11]  [0x00007FFEF3E2A05F]
[12] (BaseThreadInitThunk+0x1d) [0x00007FFF8EB6259D]
[13] (RtlUserThreadStart+0x28) [0x00007FFF90CAAF38]
Done
Exception at PC 0x00007FFF8E0FFB4C
Exception at PC 0x00007FFF8E0FFB4C
Exception at PC 0x00007FFF8E0FFB4C
Exception at PC 0x00007FFF8E0FFB4C
Exception at PC 0x00007FFF8E0FFB4C
Exception at PC 0x00007FFF8E0FFB4C
Exception at PC 0x00007FFF8E0FFB4C
Exception at PC 0x00007FFF8E0FFB4C
Exception at PC 0x00007FFF8E0FFB4C
Exception at PC 0x00007FFEF3A71A52
Attemped to write at address 0x00007FFF1BA99BA4
Printing stacktrace...

[0]  [0x00007FFEF3A71A52]
[1]  [0x00007FFEF3A71A52]
[2]  [0x00007FFEF3A71AD4]
[3]  [0x00007FFEF3BB3FF7]
[4]  [0x00007FFEF3A99128]
[5]  [0x00007FFEF3D4DFB9]
[6]  [0x00007FFEF3F1EF23]
[7]  [0x00007FFEF3E2B06B]
[8]  [0x00007FFEF3E208AF]
[9]  [0x00007FFEF3E20A32]
[10] (RtlActivateActivationContextUnsafeFast+0x12f) [0x00007FFF90C78B8F]
[11] (LdrShutdownProcess+0x176) [0x00007FFF90CA1596]
[12] (RtlExitUserProcess+0xad) [0x00007FFF90CA118D]
[13] (ExitProcess+0xb) [0x00007FFF8EB67FCB]
[14] (exit+0x8d) [0x00007FFF8EE5D7BD]
[15] (initterm_e+0x25b) [0x00007FFF8EE5DE3B]
[16]  [0x00000000004014CD]
[17]  [0x000000000040151B]
[18] (BaseThreadInitThunk+0x1d) [0x00007FFF8EB6259D]
[19] (RtlUserThreadStart+0x28) [0x00007FFF90CAAF38]
Done
