Copyright 1986-2017 Xilinx, Inc. All Rights Reserved.
-------------------------------------------------------------------------------------------------------------------------
| Tool Version : Vivado v.2017.1 (win64) Build 1846317 Fri Apr 14 18:55:03 MDT 2017
| Date         : Thu Nov 28 19:43:37 2024
| Host         : DESKTOP-GJEA3CU running 64-bit major release  (build 9200)
| Command      : report_methodology -file counter32_methodology_drc_routed.rpt -rpx counter32_methodology_drc_routed.rpx
| Design       : counter32
| Device       : xc7a200tfbg676-2
| Speed File   : -2
| Design State : Routed
-------------------------------------------------------------------------------------------------------------------------

Report Methodology

Table of Contents
-----------------
1. REPORT SUMMARY
2. REPORT DETAILS

1. REPORT SUMMARY
-----------------
            Netlist: netlist
          Floorplan: design_1
      Design limits: <entire design considered>
             Max violations: <unlimited>
             Violations found: 0
+------+----------+-------------+------------+
| Rule | Severity | Description | Violations |
+------+----------+-------------+------------+
+------+----------+-------------+------------+

2. REPORT DETAILS
-----------------

