Unable to capture context for thread 14260 in process 15844, can not generate back trace
Unable to capture context for thread 21536 in process 15844, can not generate back trace
Unable to capture context for thread 17552 in process 15844, can not generate back trace
Unable to capture context for thread 7092 in process 15844, can not generate back trace
Unable to capture context for thread 17740 in process 15844, can not generate back trace
Unable to capture context for thread 17700 in process 15844, can not generate back trace
Unable to capture context for thread 1864 in process 15844, can not generate back trace
Exception at PC 0x00007FFC07E9BB93
Printing stacktrace...

Unable to capture context for thread 21040 in process 15844, can not generate back trace
Exception at PC 0x00007FFC75C8FB4C
Exception at PC 0x00007FFC75C8FB4C
Exception at PC 0x00007FFC75C8FB4C
Exception at PC 0x00007FFC75C8FB4C
Exception at PC 0x00007FFC75C8FB4C
Exception at PC 0x00007FFC75C8FB4C
Exception at PC 0x00007FFC75C8FB4C
Exception at PC 0x00007FFC75C8FB4C
Exception at PC 0x00007FFC75C8FB4C
[0]  [0x00007FFC07E9BB93]
[1]  [0x00007FFC07E9BB93]
[2]  [0x00007FFC07E9B4A1]
[3]  [0x00007FFC07E9B459]
[4]  [0x00007FFC07E819FE]
[5]  [0x00007FFC07E80ED1]
[6]  [0x00007FFC07E80D76]
[7]  [0x00007FFC07E279F6]
[8]  [0x00007FFC07E17AFB]
[9]  [0x00007FFC07F3E90A]
[10]  [0x00007FFC07F59F87]
[11]  [0x00007FFC07F5A05F]
[12] (BaseThreadInitThunk+0x1d) [0x00007FFC775A259D]
[13] (RtlUserThreadStart+0x28) [0x00007FFC784EAF38]
Done
Exception at PC 0x00007FFC75C8FB4C
Exception at PC 0x00007FFC75C8FB4C
Exception at PC 0x00007FFC75C8FB4C
Exception at PC 0x00007FFC75C8FB4C
Exception at PC 0x00007FFC75C8FB4C
Exception at PC 0x00007FFC75C8FB4C
Exception at PC 0x00007FFC75C8FB4C
Exception at PC 0x00007FFC75C8FB4C
Exception at PC 0x00007FFC75C8FB4C
Exception at PC 0x00007FFC07BA1A52
Attemped to write at address 0x00007FFC09289BA4
Printing stacktrace...

[0]  [0x00007FFC07BA1A52]
[1]  [0x00007FFC07BA1A52]
[2]  [0x00007FFC07BA1AD4]
[3]  [0x00007FFC07CE3FF7]
[4]  [0x00007FFC07BC9128]
[5]  [0x00007FFC07E7DFB9]
[6]  [0x00007FFC0804EF23]
[7]  [0x00007FFC07F5B06B]
[8]  [0x00007FFC07F508AF]
[9]  [0x00007FFC07F50A32]
[10] (RtlActivateActivationContextUnsafeFast+0x12f) [0x00007FFC784B8B8F]
[11] (LdrShutdownProcess+0x176) [0x00007FFC784E1596]
[12] (RtlExitUserProcess+0xad) [0x00007FFC784E118D]
[13] (ExitProcess+0xb) [0x00007FFC775A7FCB]
[14] (exit+0x8d) [0x00007FFC76A4D7BD]
[15] (initterm_e+0x25b) [0x00007FFC76A4DE3B]
[16]  [0x00000000004014CD]
[17]  [0x000000000040151B]
[18] (BaseThreadInitThunk+0x1d) [0x00007FFC775A259D]
[19] (RtlUserThreadStart+0x28) [0x00007FFC784EAF38]
Done
