Copyright 1986-2017 Xilinx, Inc. All Rights Reserved.
------------------------------------------------------------------------------------
| Tool Version : Vivado v.2017.1 (win64) Build 1846317 Fri Apr 14 18:55:03 MDT 2017
| Date         : Thu Dec 26 23:13:31 2024
| Host         : DESKTOP-GJEA3CU running 64-bit major release  (build 9200)
| Command      : report_control_sets -verbose -file BCD_control_sets_placed.rpt
| Design       : BCD
| Device       : xc7a200t
------------------------------------------------------------------------------------

Control Set Information

Table of Contents
-----------------
1. Summary
2. Flip-Flop Distribution
3. Detailed Control Set Information

1. Summary
----------

+----------------------------------------------------------+-------+
|                          Status                          | Count |
+----------------------------------------------------------+-------+
| Number of unique control sets                            |    21 |
| Unused register locations in slices containing registers |   137 |
+----------------------------------------------------------+-------+


2. Flip-Flop Distribution
-------------------------

+--------------+-----------------------+------------------------+-----------------+--------------+
| Clock Enable | Synchronous Set/Reset | Asynchronous Set/Reset | Total Registers | Total Slices |
+--------------+-----------------------+------------------------+-----------------+--------------+
| No           | No                    | No                     |               0 |            0 |
| No           | No                    | Yes                    |              43 |           21 |
| No           | Yes                   | No                     |               6 |            6 |
| Yes          | No                    | No                     |               0 |            0 |
| Yes          | No                    | Yes                    |               6 |            2 |
| Yes          | Yes                   | No                     |               0 |            0 |
+--------------+-----------------------+------------------------+-----------------+--------------+


3. Detailed Control Set Information
-----------------------------------

+-------------------------+----------------------+------------------------+------------------+----------------+
|       Clock Signal      |     Enable Signal    |    Set/Reset Signal    | Slice Load Count | Bel Load Count |
+-------------------------+----------------------+------------------------+------------------+----------------+
|  clk_400Hz_reg_n_0      |                      | seg_reg[0]_LDC_i_1_n_0 |                1 |              1 |
|  clk_400Hz_reg_n_0      |                      | seg_reg[0]_LDC_i_2_n_0 |                1 |              1 |
|  clk_400Hz_reg_n_0      |                      | seg_reg[1]_LDC_i_1_n_0 |                1 |              1 |
|  clk_400Hz_reg_n_0      |                      | seg_reg[1]_LDC_i_2_n_0 |                1 |              1 |
|  clk_400Hz_reg_n_0      |                      | seg_reg[2]_LDC_i_1_n_0 |                1 |              1 |
|  clk_400Hz_reg_n_0      |                      | seg_reg[2]_LDC_i_2_n_0 |                1 |              1 |
|  clk_400Hz_reg_n_0      |                      | seg_reg[4]_LDC_i_1_n_0 |                1 |              1 |
|  clk_400Hz_reg_n_0      |                      | seg_reg[4]_LDC_i_2_n_0 |                1 |              1 |
|  clk_400Hz_reg_n_0      |                      | seg_reg[5]_LDC_i_1_n_0 |                1 |              1 |
|  clk_400Hz_reg_n_0      |                      | seg_reg[5]_LDC_i_2_n_0 |                1 |              1 |
|  seg_reg[0]_LDC_i_1_n_0 |                      | seg_reg[0]_LDC_i_2_n_0 |                1 |              1 |
|  seg_reg[1]_LDC_i_1_n_0 |                      | seg_reg[1]_LDC_i_2_n_0 |                1 |              1 |
|  seg_reg[2]_LDC_i_1_n_0 |                      | seg_reg[2]_LDC_i_2_n_0 |                1 |              1 |
|  seg_reg[4]_LDC_i_1_n_0 |                      | seg_reg[4]_LDC_i_2_n_0 |                1 |              1 |
|  seg_reg[5]_LDC_i_1_n_0 |                      | seg_reg[5]_LDC_i_2_n_0 |                1 |              1 |
|  seg_reg[6]_LDC_i_1_n_0 |                      | seg_reg[6]_LDC_i_2_n_0 |                1 |              1 |
|  clk_400Hz_reg_n_0      |                      | seg_reg[6]_LDC_i_2_n_0 |                1 |              2 |
|  clk_400Hz_reg_n_0      |                      | seg_reg[6]_LDC_i_1_n_0 |                1 |              2 |
|  clk_400Hz_reg_n_0      |                      | reset_IBUF             |                3 |              3 |
|  clk_400Hz_reg_n_0      | countdown[5]_i_1_n_0 | reset_IBUF             |                2 |              6 |
|  clk_IBUF_BUFG          |                      | reset_IBUF             |                6 |             26 |
+-------------------------+----------------------+------------------------+------------------+----------------+


+--------+-----------------------+
| Fanout | Number of ControlSets |
+--------+-----------------------+
| 1      |                    16 |
| 2      |                     2 |
| 3      |                     1 |
| 6      |                     1 |
| 16+    |                     1 |
+--------+-----------------------+


