Unable to capture context for thread 14408 in process 17348, can not generate back trace
Unable to capture context for thread 25976 in process 17348, can not generate back trace
Unable to capture context for thread 32488 in process 17348, can not generate back trace
Unable to capture context for thread 1604 in process 17348, can not generate back trace
Unable to capture context for thread 20760 in process 17348, can not generate back trace
Unable to capture context for thread 25752 in process 17348, can not generate back trace
Unable to capture context for thread 16068 in process 17348, can not generate back trace
Unable to capture context for thread 7148 in process 17348, can not generate back trace
Exception at PC 0x00007FFD42F7BB93
Printing stacktrace...

Unable to capture context for thread 32700 in process 17348, can not generate back trace
Exception at PC 0x00007FFDD5CCFA4C
Exception at PC 0x00007FFDD5CCFA4C
Exception at PC 0x00007FFDD5CCFA4C
Exception at PC 0x00007FFDD5CCFA4C
Exception at PC 0x00007FFDD5CCFA4C
Exception at PC 0x00007FFDD5CCFA4C
Exception at PC 0x00007FFDD5CCFA4C
Exception at PC 0x00007FFDD5CCFA4C
[0]  [0x00007FFD42F7BB93]
[1]  [0x00007FFD42F7BB93]
[2]  [0x00007FFD42F7B4A1]
[3]  [0x00007FFD42F7B459]
[4]  [0x00007FFD42F619FE]
[5]  [0x00007FFD42F60ED1]
[6]  [0x00007FFD42F60D76]
[7]  [0x00007FFD42F079F6]
[8]  [0x00007FFD42EF7AFB]
[9]  [0x00007FFD4301E90A]
[10]  [0x00007FFD43039F87]
[11]  [0x00007FFD4303A05F]
[12] (BaseThreadInitThunk+0x1d) [0x00007FFDD775259D]
[13] (RtlUserThreadStart+0x28) [0x00007FFDD85AAF38]
Done
Exception at PC 0x00007FFDD5CCFA4C
Exception at PC 0x00007FFDD5CCFA4C
Exception at PC 0x00007FFDD5CCFA4C
Exception at PC 0x00007FFDD5CCFA4C
Exception at PC 0x00007FFDD5CCFA4C
Exception at PC 0x00007FFDD5CCFA4C
Exception at PC 0x00007FFDD5CCFA4C
Exception at PC 0x00007FFDD5CCFA4C
Exception at PC 0x00007FFDD5CCFA4C
Exception at PC 0x00007FFDD5CCFA4C
Exception at PC 0x00007FFD42C81A52
Attemped to write at address 0x00007FFD45859BA4
Printing stacktrace...

[0]  [0x00007FFD42C81A52]
[1]  [0x00007FFD42C81A52]
[2]  [0x00007FFD42C81AD4]
[3]  [0x00007FFD42DC3FF7]
[4]  [0x00007FFD42CA9128]
[5]  [0x00007FFD42F5DFB9]
[6]  [0x00007FFD4312EF23]
[7]  [0x00007FFD4303B06B]
[8]  [0x00007FFD430308AF]
[9]  [0x00007FFD43030A32]
[10] (RtlActivateActivationContextUnsafeFast+0x12f) [0x00007FFDD8578B8F]
[11] (LdrShutdownProcess+0x176) [0x00007FFDD85A1596]
[12] (RtlExitUserProcess+0xad) [0x00007FFDD85A118D]
[13] (ExitProcess+0xb) [0x00007FFDD7757FCB]
[14] (exit+0x8d) [0x00007FFDD82ED7BD]
[15] (initterm_e+0x25b) [0x00007FFDD82EDE3B]
[16]  [0x00000000004014CD]
[17]  [0x000000000040151B]
[18] (BaseThreadInitThunk+0x1d) [0x00007FFDD775259D]
[19] (RtlUserThreadStart+0x28) [0x00007FFDD85AAF38]
Done
